2026-08-02 12:43:55,514 INFO Experiment h1_bfm0_motion_without_prior started
2026-08-02 12:43:55,514 INFO Run type=formal prior=without_prior device=cuda checkpoint=/home/hm/workspace/skate-bfm/model/bfm-zero-official
2026-08-02 12:43:55,947 INFO Confirmed expert schema; enabled targets: ['push_start_pose', 'steer_start_pose', 'human_push_1_window_00', 'human_push_1_window_01', 'human_push_1_window_02', 'human_push_2_window_00', 'human_push_2_window_01', 'human_push_2_window_02']
2026-08-02 12:43:58,598 INFO Checkpoint loaded strictly and model frozen
2026-08-02 12:43:58,665 INFO Without-prior mode: expert data is excluded from latent proposal generation
2026-08-02 12:44:10,638 INFO Completed global scan with 256 latents from push_start_pose initial pose
2026-08-02 12:44:23,500 INFO Completed global scan with 256 latents from steer_start_pose initial pose
2026-08-02 12:44:35,520 INFO Completed global scan with 256 latents from human_push_1_window_00 initial pose
2026-08-02 12:44:46,818 INFO Completed global scan with 256 latents from human_push_1_window_01 initial pose
2026-08-02 12:44:58,085 INFO Completed global scan with 256 latents from human_push_1_window_02 initial pose
2026-08-02 12:45:09,892 INFO Completed global scan with 256 latents from human_push_2_window_00 initial pose
2026-08-02 12:45:21,502 INFO Completed global scan with 256 latents from human_push_2_window_01 initial pose
2026-08-02 12:45:33,629 INFO Completed global scan with 256 latents from human_push_2_window_02 initial pose
2026-08-02 12:46:32,654 INFO Target push_start_pose: steps=0 encoded=nan global=-0.662178 CEM=-0.523622 max_angle=41.24 robust=0.000 type=not_covered
2026-08-02 12:47:34,717 INFO Target steer_start_pose: steps=0 encoded=nan global=-0.368672 CEM=-0.287402 max_angle=40.77 robust=0.000 type=fragile
2026-08-02 12:48:33,240 INFO Target human_push_1_window_00: steps=0 encoded=nan global=-0.506456 CEM=-0.235852 max_angle=40.79 robust=0.750 type=locally_covered
2026-08-02 12:49:28,140 INFO Target human_push_1_window_01: steps=0 encoded=nan global=-0.556736 CEM=-0.479196 max_angle=35.70 robust=0.750 type=locally_covered
2026-08-02 12:50:23,864 INFO Target human_push_1_window_02: steps=0 encoded=nan global=-0.526268 CEM=-0.393350 max_angle=37.52 robust=0.850 type=locally_covered
2026-08-02 12:51:20,676 INFO Target human_push_2_window_00: steps=0 encoded=nan global=-0.541474 CEM=-0.315968 max_angle=40.22 robust=0.750 type=locally_covered
2026-08-02 12:52:17,193 INFO Target human_push_2_window_01: steps=0 encoded=nan global=-0.566813 CEM=-0.471406 max_angle=37.95 robust=0.900 type=locally_covered
2026-08-02 12:53:17,479 INFO Target human_push_2_window_02: steps=0 encoded=nan global=-0.475021 CEM=-0.301938 max_angle=40.15 robust=0.900 type=locally_covered
2026-08-02 12:53:31,469 INFO Experiment ended status=completed duration=575.908s output=docs/res/h1_bfm0_motion_without_prior
